---
source: rustainers/src/runner/runner_network.rs
assertion_line: 54
expression: data
---
[
    RunnerNetwork {
        name: "bridge",
        scope: "local",
        driver: Bridge,
    },
    RunnerNetwork {
        name: "dummy_network",
        scope: "local",
        driver: Bridge,
    },
    RunnerNetwork {
        name: "host",
        scope: "local",
        driver: Host,
    },
    RunnerNetwork {
        name: "none",
        scope: "local",
        driver: Null,
    },
]
